Archive member included because of file (symbol)

c:/users/mitchell.pontague/appdata/local/arduino15/packages/arduino/tools/arm-none-eabi-gcc/4.8.3-2014q1/bin/../lib/gcc/arm-none-eabi/4.8.3/../../../../arm-none-eabi/lib/armv6-m\libc_s.a(lib_a-exit.o)
                              c:/users/mitchell.pontague/appdata/local/arduino15/packages/arduino/tools/arm-none-eabi-gcc/4.8.3-2014q1/bin/../lib/gcc/arm-none-eabi/4.8.3/../../../../arm-none-eabi/lib/armv6-m/crt0.o (exit)
c:/users/mitchell.pontague/appdata/local/arduino15/packages/arduino/tools/arm-none-eabi-gcc/4.8.3-2014q1/bin/../lib/gcc/arm-none-eabi/4.8.3/../../../../arm-none-eabi/lib/armv6-m\libc_s.a(lib_a-impure.o)
                              c:/users/mitchell.pontague/appdata/local/arduino15/packages/arduino/tools/arm-none-eabi-gcc/4.8.3-2014q1/bin/../lib/gcc/arm-none-eabi/4.8.3/../../../../arm-none-eabi/lib/armv6-m\libc_s.a(lib_a-exit.o) (_global_impure_ptr)
c:/users/mitchell.pontague/appdata/local/arduino15/packages/arduino/tools/arm-none-eabi-gcc/4.8.3-2014q1/bin/../lib/gcc/arm-none-eabi/4.8.3/../../../../arm-none-eabi/lib/armv6-m\libc_s.a(lib_a-init.o)
                              c:/users/mitchell.pontague/appdata/local/arduino15/packages/arduino/tools/arm-none-eabi-gcc/4.8.3-2014q1/bin/../lib/gcc/arm-none-eabi/4.8.3/../../../../arm-none-eabi/lib/armv6-m/crt0.o (__libc_init_array)
c:/users/mitchell.pontague/appdata/local/arduino15/packages/arduino/tools/arm-none-eabi-gcc/4.8.3-2014q1/bin/../lib/gcc/arm-none-eabi/4.8.3/../../../../arm-none-eabi/lib/armv6-m\libc_s.a(lib_a-memcpy-stub.o)
                              build/board_driver_usb.o (memcpy)
c:/users/mitchell.pontague/appdata/local/arduino15/packages/arduino/tools/arm-none-eabi-gcc/4.8.3-2014q1/bin/../lib/gcc/arm-none-eabi/4.8.3/../../../../arm-none-eabi/lib/armv6-m\libc_s.a(lib_a-memset.o)
                              c:/users/mitchell.pontague/appdata/local/arduino15/packages/arduino/tools/arm-none-eabi-gcc/4.8.3-2014q1/bin/../lib/gcc/arm-none-eabi/4.8.3/../../../../arm-none-eabi/lib/armv6-m/crt0.o (memset)
c:/users/mitchell.pontague/appdata/local/arduino15/packages/arduino/tools/arm-none-eabi-gcc/4.8.3-2014q1/bin/../lib/gcc/arm-none-eabi/4.8.3/../../../../arm-none-eabi/lib/armv6-m\libc_s.a(lib_a-strlen.o)
                              build/sam_ba_usb.o (strlen)
c:/users/mitchell.pontague/appdata/local/arduino15/packages/arduino/tools/arm-none-eabi-gcc/4.8.3-2014q1/bin/../lib/gcc/arm-none-eabi/4.8.3/../../../../arm-none-eabi/lib/armv6-m\libnosys.a(_exit.o)
                              c:/users/mitchell.pontague/appdata/local/arduino15/packages/arduino/tools/arm-none-eabi-gcc/4.8.3-2014q1/bin/../lib/gcc/arm-none-eabi/4.8.3/../../../../arm-none-eabi/lib/armv6-m\libc_s.a(lib_a-exit.o) (_exit)

Allocating common symbols
Common symbol       size              file

b_sharp_received    0x1               build/sam_ba_serial.o
udd_ep_out_cache_buffer
                    0x80              build/board_driver_usb.o
j                   0x1               build/sam_ba_monitor.o
udd_ep_in_cache_buffer
                    0x80              build/board_driver_usb.o
idx_rx_write        0x1               build/sam_ba_serial.o
size_of_data        0x2               build/sam_ba_serial.o
length              0x4               build/sam_ba_monitor.o
ptr                 0x4               build/sam_ba_monitor.o
command             0x1               build/sam_ba_monitor.o
MAX_FLASH           0x4               build/sam_ba_monitor.o
PAGES               0x4               build/sam_ba_monitor.o
idx_tx_read         0x1               build/sam_ba_serial.o
i                   0x4               build/sam_ba_monitor.o
buffer_tx_usart     0x80              build/sam_ba_serial.o
sam_ba_cdc          0xc               build/sam_ba_usb.o
error_timeout       0x1               build/sam_ba_serial.o
usb_endpoint_table  0x80              build/board_driver_usb.o
PAGE_SIZE           0x4               build/sam_ba_monitor.o
data                0x40              build/sam_ba_monitor.o
mode_of_transfer    0x1               build/sam_ba_serial.o
ptr_data            0x4               build/sam_ba_monitor.o
idx_rx_read         0x1               build/sam_ba_serial.o
ptr_monitor_if      0x4               build/sam_ba_monitor.o
sp                  0x4               build/sam_ba_monitor.o
current_number      0x4               build/sam_ba_monitor.o
idx_tx_write        0x1               build/sam_ba_serial.o
u32tmp              0x4               build/sam_ba_monitor.o
buffer_rx_usart     0x80              build/sam_ba_serial.o

Discarded input sections

 .text          0x00000000        0x0 c:/users/mitchell.pontague/appdata/local/arduino15/packages/arduino/tools/arm-none-eabi-gcc/4.8.3-2014q1/bin/../lib/gcc/arm-none-eabi/4.8.3/armv6-m/crti.o
 .data          0x00000000        0x0 c:/users/mitchell.pontague/appdata/local/arduino15/packages/arduino/tools/arm-none-eabi-gcc/4.8.3-2014q1/bin/../lib/gcc/arm-none-eabi/4.8.3/armv6-m/crti.o
 .bss           0x00000000        0x0 c:/users/mitchell.pontague/appdata/local/arduino15/packages/arduino/tools/arm-none-eabi-gcc/4.8.3-2014q1/bin/../lib/gcc/arm-none-eabi/4.8.3/armv6-m/crti.o
 .data          0x00000000        0x4 c:/users/mitchell.pontague/appdata/local/arduino15/packages/arduino/tools/arm-none-eabi-gcc/4.8.3-2014q1/bin/../lib/gcc/arm-none-eabi/4.8.3/armv6-m/crtbegin.o
 .text          0x00000000       0x78 c:/users/mitchell.pontague/appdata/local/arduino15/packages/arduino/tools/arm-none-eabi-gcc/4.8.3-2014q1/bin/../lib/gcc/arm-none-eabi/4.8.3/../../../../arm-none-eabi/lib/armv6-m/crt0.o
 .data          0x00000000        0x0 c:/users/mitchell.pontague/appdata/local/arduino15/packages/arduino/tools/arm-none-eabi-gcc/4.8.3-2014q1/bin/../lib/gcc/arm-none-eabi/4.8.3/../../../../arm-none-eabi/lib/armv6-m/crt0.o
 .bss           0x00000000        0x0 c:/users/mitchell.pontague/appdata/local/arduino15/packages/arduino/tools/arm-none-eabi-gcc/4.8.3-2014q1/bin/../lib/gcc/arm-none-eabi/4.8.3/../../../../arm-none-eabi/lib/armv6-m/crt0.o
 .ARM.extab     0x00000000        0x0 c:/users/mitchell.pontague/appdata/local/arduino15/packages/arduino/tools/arm-none-eabi-gcc/4.8.3-2014q1/bin/../lib/gcc/arm-none-eabi/4.8.3/../../../../arm-none-eabi/lib/armv6-m/crt0.o
 .ARM.exidx     0x00000000        0x8 c:/users/mitchell.pontague/appdata/local/arduino15/packages/arduino/tools/arm-none-eabi-gcc/4.8.3-2014q1/bin/../lib/gcc/arm-none-eabi/4.8.3/../../../../arm-none-eabi/lib/armv6-m/crt0.o
 .ARM.attributes
                0x00000000       0x1b c:/users/mitchell.pontague/appdata/local/arduino15/packages/arduino/tools/arm-none-eabi-gcc/4.8.3-2014q1/bin/../lib/gcc/arm-none-eabi/4.8.3/../../../../arm-none-eabi/lib/armv6-m/crt0.o
 .text          0x00000000        0x0 build/board_driver_led.o
 .data          0x00000000        0x0 build/board_driver_led.o
 .bss           0x00000000        0x0 build/board_driver_led.o
 .text          0x00000000        0x0 build/board_driver_serial.o
 .data          0x00000000        0x0 build/board_driver_serial.o
 .bss           0x00000000        0x0 build/board_driver_serial.o
 .text.uart_disable
                0x00000000       0x10 build/board_driver_serial.o
 .text.uart_write_buffer_polled
                0x00000000       0x20 build/board_driver_serial.o
 .text.uart_read_buffer_polled
                0x00000000       0x40 build/board_driver_serial.o
 .text          0x00000000        0x0 build/board_driver_usb.o
 .data          0x00000000        0x0 build/board_driver_usb.o
 .bss           0x00000000        0x0 build/board_driver_usb.o
 .text.USB_Read_blocking
                0x00000000       0x60 build/board_driver_usb.o
 .text          0x00000000        0x0 build/board_init.o
 .data          0x00000000        0x0 build/board_init.o
 .bss           0x00000000        0x0 build/board_init.o
 .text          0x00000000        0x0 build/board_startup.o
 .data          0x00000000        0x0 build/board_startup.o
 .bss           0x00000000        0x0 build/board_startup.o
 .text          0x00000000        0x0 build/main.o
 .data          0x00000000        0x0 build/main.o
 .bss           0x00000000        0x0 build/main.o
 .text          0x00000000        0x0 build/sam_ba_usb.o
 .data          0x00000000        0x0 build/sam_ba_usb.o
 .bss           0x00000000        0x0 build/sam_ba_usb.o
 .text          0x00000000        0x0 build/sam_ba_cdc.o
 .data          0x00000000        0x0 build/sam_ba_cdc.o
 .bss           0x00000000        0x0 build/sam_ba_cdc.o
 .text          0x00000000        0x0 build/sam_ba_monitor.o
 .data          0x00000000        0x0 build/sam_ba_monitor.o
 .bss           0x00000000        0x0 build/sam_ba_monitor.o
 .text          0x00000000        0x0 build/sam_ba_serial.o
 .data          0x00000000        0x0 build/sam_ba_serial.o
 .bss           0x00000000        0x0 build/sam_ba_serial.o
 .text.serial_close
                0x00000000       0x10 build/sam_ba_serial.o
 .text.serial_readc
                0x00000000       0x20 build/sam_ba_serial.o
 .text          0x00000000        0x0 c:/users/mitchell.pontague/appdata/local/arduino15/packages/arduino/tools/arm-none-eabi-gcc/4.8.3-2014q1/bin/../lib/gcc/arm-none-eabi/4.8.3/../../../../arm-none-eabi/lib/armv6-m\libc_s.a(lib_a-exit.o)
 .data          0x00000000        0x0 c:/users/mitchell.pontague/appdata/local/arduino15/packages/arduino/tools/arm-none-eabi-gcc/4.8.3-2014q1/bin/../lib/gcc/arm-none-eabi/4.8.3/../../../../arm-none-eabi/lib/armv6-m\libc_s.a(lib_a-exit.o)
 .bss           0x00000000        0x0 c:/users/mitchell.pontague/appdata/local/arduino15/packages/arduino/tools/arm-none-eabi-gcc/4.8.3-2014q1/bin/../lib/gcc/arm-none-eabi/4.8.3/../../../../arm-none-eabi/lib/armv6-m\libc_s.a(lib_a-exit.o)
 .text.exit     0x00000000       0x2c c:/users/mitchell.pontague/appdata/local/arduino15/packages/arduino/tools/arm-none-eabi-gcc/4.8.3-2014q1/bin/../lib/gcc/arm-none-eabi/4.8.3/../../../../arm-none-eabi/lib/armv6-m\libc_s.a(lib_a-exit.o)
 .ARM.attributes
                0x00000000       0x2c c:/users/mitchell.pontague/appdata/local/arduino15/packages/arduino/tools/arm-none-eabi-gcc/4.8.3-2014q1/bin/../lib/gcc/arm-none-eabi/4.8.3/../../../../arm-none-eabi/lib/armv6-m\libc_s.a(lib_a-exit.o)
 .debug_frame   0x00000000       0x28 c:/users/mitchell.pontague/appdata/local/arduino15/packages/arduino/tools/arm-none-eabi-gcc/4.8.3-2014q1/bin/../lib/gcc/arm-none-eabi/4.8.3/../../../../arm-none-eabi/lib/armv6-m\libc_s.a(lib_a-exit.o)
 .text          0x00000000        0x0 c:/users/mitchell.pontague/appdata/local/arduino15/packages/arduino/tools/arm-none-eabi-gcc/4.8.3-2014q1/bin/../lib/gcc/arm-none-eabi/4.8.3/../../../../arm-none-eabi/lib/armv6-m\libc_s.a(lib_a-impure.o)
 .data          0x00000000        0x0 c:/users/mitchell.pontague/appdata/local/arduino15/packages/arduino/tools/arm-none-eabi-gcc/4.8.3-2014q1/bin/../lib/gcc/arm-none-eabi/4.8.3/../../../../arm-none-eabi/lib/armv6-m\libc_s.a(lib_a-impure.o)
 .bss           0x00000000        0x0 c:/users/mitchell.pontague/appdata/local/arduino15/packages/arduino/tools/arm-none-eabi-gcc/4.8.3-2014q1/bin/../lib/gcc/arm-none-eabi/4.8.3/../../../../arm-none-eabi/lib/armv6-m\libc_s.a(lib_a-impure.o)
 .data.impure_data
                0x00000000       0x60 c:/users/mitchell.pontague/appdata/local/arduino15/packages/arduino/tools/arm-none-eabi-gcc/4.8.3-2014q1/bin/../lib/gcc/arm-none-eabi/4.8.3/../../../../arm-none-eabi/lib/armv6-m\libc_s.a(lib_a-impure.o)
 .data._impure_ptr
                0x00000000        0x4 c:/users/mitchell.pontague/appdata/local/arduino15/packages/arduino/tools/arm-none-eabi-gcc/4.8.3-2014q1/bin/../lib/gcc/arm-none-eabi/4.8.3/../../../../arm-none-eabi/lib/armv6-m\libc_s.a(lib_a-impure.o)
 .rodata.str1.1
                0x00000000        0x2 c:/users/mitchell.pontague/appdata/local/arduino15/packages/arduino/tools/arm-none-eabi-gcc/4.8.3-2014q1/bin/../lib/gcc/arm-none-eabi/4.8.3/../../../../arm-none-eabi/lib/armv6-m\libc_s.a(lib_a-impure.o)
 .rodata._global_impure_ptr
                0x00000000        0x4 c:/users/mitchell.pontague/appdata/local/arduino15/packages/arduino/tools/arm-none-eabi-gcc/4.8.3-2014q1/bin/../lib/gcc/arm-none-eabi/4.8.3/../../../../arm-none-eabi/lib/armv6-m\libc_s.a(lib_a-impure.o)
 .ARM.attributes
                0x00000000       0x2c c:/users/mitchell.pontague/appdata/local/arduino15/packages/arduino/tools/arm-none-eabi-gcc/4.8.3-2014q1/bin/../lib/gcc/arm-none-eabi/4.8.3/../../../../arm-none-eabi/lib/armv6-m\libc_s.a(lib_a-impure.o)
 .text          0x00000000        0x0 c:/users/mitchell.pontague/appdata/local/arduino15/packages/arduino/tools/arm-none-eabi-gcc/4.8.3-2014q1/bin/../lib/gcc/arm-none-eabi/4.8.3/../../../../arm-none-eabi/lib/armv6-m\libc_s.a(lib_a-init.o)
 .data          0x00000000        0x0 c:/users/mitchell.pontague/appdata/local/arduino15/packages/arduino/tools/arm-none-eabi-gcc/4.8.3-2014q1/bin/../lib/gcc/arm-none-eabi/4.8.3/../../../../arm-none-eabi/lib/armv6-m\libc_s.a(lib_a-init.o)
 .bss           0x00000000        0x0 c:/users/mitchell.pontague/appdata/local/arduino15/packages/arduino/tools/arm-none-eabi-gcc/4.8.3-2014q1/bin/../lib/gcc/arm-none-eabi/4.8.3/../../../../arm-none-eabi/lib/armv6-m\libc_s.a(lib_a-init.o)
 .text.__libc_init_array
                0x00000000       0x4c c:/users/mitchell.pontague/appdata/local/arduino15/packages/arduino/tools/arm-none-eabi-gcc/4.8.3-2014q1/bin/../lib/gcc/arm-none-eabi/4.8.3/../../../../arm-none-eabi/lib/armv6-m\libc_s.a(lib_a-init.o)
 .ARM.attributes
                0x00000000       0x2c c:/users/mitchell.pontague/appdata/local/arduino15/packages/arduino/tools/arm-none-eabi-gcc/4.8.3-2014q1/bin/../lib/gcc/arm-none-eabi/4.8.3/../../../../arm-none-eabi/lib/armv6-m\libc_s.a(lib_a-init.o)
 .debug_frame   0x00000000       0x2c c:/users/mitchell.pontague/appdata/local/arduino15/packages/arduino/tools/arm-none-eabi-gcc/4.8.3-2014q1/bin/../lib/gcc/arm-none-eabi/4.8.3/../../../../arm-none-eabi/lib/armv6-m\libc_s.a(lib_a-init.o)
 .text          0x00000000        0x0 c:/users/mitchell.pontague/appdata/local/arduino15/packages/arduino/tools/arm-none-eabi-gcc/4.8.3-2014q1/bin/../lib/gcc/arm-none-eabi/4.8.3/../../../../arm-none-eabi/lib/armv6-m\libc_s.a(lib_a-memcpy-stub.o)
 .data          0x00000000        0x0 c:/users/mitchell.pontague/appdata/local/arduino15/packages/arduino/tools/arm-none-eabi-gcc/4.8.3-2014q1/bin/../lib/gcc/arm-none-eabi/4.8.3/../../../../arm-none-eabi/lib/armv6-m\libc_s.a(lib_a-memcpy-stub.o)
 .bss           0x00000000        0x0 c:/users/mitchell.pontague/appdata/local/arduino15/packages/arduino/tools/arm-none-eabi-gcc/4.8.3-2014q1/bin/../lib/gcc/arm-none-eabi/4.8.3/../../../../arm-none-eabi/lib/armv6-m\libc_s.a(lib_a-memcpy-stub.o)
 .text          0x00000000        0x0 c:/users/mitchell.pontague/appdata/local/arduino15/packages/arduino/tools/arm-none-eabi-gcc/4.8.3-2014q1/bin/../lib/gcc/arm-none-eabi/4.8.3/../../../../arm-none-eabi/lib/armv6-m\libc_s.a(lib_a-memset.o)
 .data          0x00000000        0x0 c:/users/mitchell.pontague/appdata/local/arduino15/packages/arduino/tools/arm-none-eabi-gcc/4.8.3-2014q1/bin/../lib/gcc/arm-none-eabi/4.8.3/../../../../arm-none-eabi/lib/armv6-m\libc_s.a(lib_a-memset.o)
 .bss           0x00000000        0x0 c:/users/mitchell.pontague/appdata/local/arduino15/packages/arduino/tools/arm-none-eabi-gcc/4.8.3-2014q1/bin/../lib/gcc/arm-none-eabi/4.8.3/../../../../arm-none-eabi/lib/armv6-m\libc_s.a(lib_a-memset.o)
 .text          0x00000000        0x0 c:/users/mitchell.pontague/appdata/local/arduino15/packages/arduino/tools/arm-none-eabi-gcc/4.8.3-2014q1/bin/../lib/gcc/arm-none-eabi/4.8.3/../../../../arm-none-eabi/lib/armv6-m\libc_s.a(lib_a-strlen.o)
 .data          0x00000000        0x0 c:/users/mitchell.pontague/appdata/local/arduino15/packages/arduino/tools/arm-none-eabi-gcc/4.8.3-2014q1/bin/../lib/gcc/arm-none-eabi/4.8.3/../../../../arm-none-eabi/lib/armv6-m\libc_s.a(lib_a-strlen.o)
 .bss           0x00000000        0x0 c:/users/mitchell.pontague/appdata/local/arduino15/packages/arduino/tools/arm-none-eabi-gcc/4.8.3-2014q1/bin/../lib/gcc/arm-none-eabi/4.8.3/../../../../arm-none-eabi/lib/armv6-m\libc_s.a(lib_a-strlen.o)
 .text          0x00000000        0x0 c:/users/mitchell.pontague/appdata/local/arduino15/packages/arduino/tools/arm-none-eabi-gcc/4.8.3-2014q1/bin/../lib/gcc/arm-none-eabi/4.8.3/../../../../arm-none-eabi/lib/armv6-m\libnosys.a(_exit.o)
 .data          0x00000000        0x0 c:/users/mitchell.pontague/appdata/local/arduino15/packages/arduino/tools/arm-none-eabi-gcc/4.8.3-2014q1/bin/../lib/gcc/arm-none-eabi/4.8.3/../../../../arm-none-eabi/lib/armv6-m\libnosys.a(_exit.o)
 .bss           0x00000000        0x0 c:/users/mitchell.pontague/appdata/local/arduino15/packages/arduino/tools/arm-none-eabi-gcc/4.8.3-2014q1/bin/../lib/gcc/arm-none-eabi/4.8.3/../../../../arm-none-eabi/lib/armv6-m\libnosys.a(_exit.o)
 .text._exit    0x00000000        0x4 c:/users/mitchell.pontague/appdata/local/arduino15/packages/arduino/tools/arm-none-eabi-gcc/4.8.3-2014q1/bin/../lib/gcc/arm-none-eabi/4.8.3/../../../../arm-none-eabi/lib/armv6-m\libnosys.a(_exit.o)
 .ARM.attributes
                0x00000000       0x2c c:/users/mitchell.pontague/appdata/local/arduino15/packages/arduino/tools/arm-none-eabi-gcc/4.8.3-2014q1/bin/../lib/gcc/arm-none-eabi/4.8.3/../../../../arm-none-eabi/lib/armv6-m\libnosys.a(_exit.o)
 .debug_frame   0x00000000       0x20 c:/users/mitchell.pontague/appdata/local/arduino15/packages/arduino/tools/arm-none-eabi-gcc/4.8.3-2014q1/bin/../lib/gcc/arm-none-eabi/4.8.3/../../../../arm-none-eabi/lib/armv6-m\libnosys.a(_exit.o)
 .text          0x00000000        0x0 c:/users/mitchell.pontague/appdata/local/arduino15/packages/arduino/tools/arm-none-eabi-gcc/4.8.3-2014q1/bin/../lib/gcc/arm-none-eabi/4.8.3/armv6-m/crtend.o
 .data          0x00000000        0x0 c:/users/mitchell.pontague/appdata/local/arduino15/packages/arduino/tools/arm-none-eabi-gcc/4.8.3-2014q1/bin/../lib/gcc/arm-none-eabi/4.8.3/armv6-m/crtend.o
 .bss           0x00000000        0x0 c:/users/mitchell.pontague/appdata/local/arduino15/packages/arduino/tools/arm-none-eabi-gcc/4.8.3-2014q1/bin/../lib/gcc/arm-none-eabi/4.8.3/armv6-m/crtend.o
 .text          0x00000000        0x0 c:/users/mitchell.pontague/appdata/local/arduino15/packages/arduino/tools/arm-none-eabi-gcc/4.8.3-2014q1/bin/../lib/gcc/arm-none-eabi/4.8.3/armv6-m/crtn.o
 .data          0x00000000        0x0 c:/users/mitchell.pontague/appdata/local/arduino15/packages/arduino/tools/arm-none-eabi-gcc/4.8.3-2014q1/bin/../lib/gcc/arm-none-eabi/4.8.3/armv6-m/crtn.o
 .bss           0x00000000        0x0 c:/users/mitchell.pontague/appdata/local/arduino15/packages/arduino/tools/arm-none-eabi-gcc/4.8.3-2014q1/bin/../lib/gcc/arm-none-eabi/4.8.3/armv6-m/crtn.o

Memory Configuration

Name             Origin             Length             Attributes
FLASH            0x00000000         0x00002000         xr
RAM              0x20000000         0x00007ffc         xrw
*default*        0x00000000         0xffffffff

Linker script and memory map

LOAD c:/users/mitchell.pontague/appdata/local/arduino15/packages/arduino/tools/arm-none-eabi-gcc/4.8.3-2014q1/bin/../lib/gcc/arm-none-eabi/4.8.3/armv6-m/crti.o
LOAD c:/users/mitchell.pontague/appdata/local/arduino15/packages/arduino/tools/arm-none-eabi-gcc/4.8.3-2014q1/bin/../lib/gcc/arm-none-eabi/4.8.3/armv6-m/crtbegin.o
LOAD c:/users/mitchell.pontague/appdata/local/arduino15/packages/arduino/tools/arm-none-eabi-gcc/4.8.3-2014q1/bin/../lib/gcc/arm-none-eabi/4.8.3/../../../../arm-none-eabi/lib/armv6-m/crt0.o
START GROUP
LOAD build/board_driver_led.o
LOAD build/board_driver_serial.o
LOAD build/board_driver_usb.o
LOAD build/board_init.o
LOAD build/board_startup.o
LOAD build/main.o
LOAD build/sam_ba_usb.o
LOAD build/sam_ba_cdc.o
LOAD build/sam_ba_monitor.o
LOAD build/sam_ba_serial.o
LOAD c:/users/mitchell.pontague/appdata/local/arduino15/packages/arduino/tools/arm-none-eabi-gcc/4.8.3-2014q1/bin/../lib/gcc/arm-none-eabi/4.8.3/../../../../arm-none-eabi/lib/armv6-m\libm.a
END GROUP
START GROUP
LOAD c:/users/mitchell.pontague/appdata/local/arduino15/packages/arduino/tools/arm-none-eabi-gcc/4.8.3-2014q1/bin/../lib/gcc/arm-none-eabi/4.8.3/armv6-m\libgcc.a
LOAD c:/users/mitchell.pontague/appdata/local/arduino15/packages/arduino/tools/arm-none-eabi-gcc/4.8.3-2014q1/bin/../lib/gcc/arm-none-eabi/4.8.3/../../../../arm-none-eabi/lib/armv6-m\libc_s.a
END GROUP
START GROUP
LOAD c:/users/mitchell.pontague/appdata/local/arduino15/packages/arduino/tools/arm-none-eabi-gcc/4.8.3-2014q1/bin/../lib/gcc/arm-none-eabi/4.8.3/armv6-m\libgcc.a
LOAD c:/users/mitchell.pontague/appdata/local/arduino15/packages/arduino/tools/arm-none-eabi-gcc/4.8.3-2014q1/bin/../lib/gcc/arm-none-eabi/4.8.3/../../../../arm-none-eabi/lib/armv6-m\libc_s.a
LOAD c:/users/mitchell.pontague/appdata/local/arduino15/packages/arduino/tools/arm-none-eabi-gcc/4.8.3-2014q1/bin/../lib/gcc/arm-none-eabi/4.8.3/../../../../arm-none-eabi/lib/armv6-m\libnosys.a
END GROUP
START GROUP
LOAD c:/users/mitchell.pontague/appdata/local/arduino15/packages/arduino/tools/arm-none-eabi-gcc/4.8.3-2014q1/bin/../lib/gcc/arm-none-eabi/4.8.3/armv6-m\libgcc.a
LOAD c:/users/mitchell.pontague/appdata/local/arduino15/packages/arduino/tools/arm-none-eabi-gcc/4.8.3-2014q1/bin/../lib/gcc/arm-none-eabi/4.8.3/../../../../arm-none-eabi/lib/armv6-m\libc_s.a
LOAD c:/users/mitchell.pontague/appdata/local/arduino15/packages/arduino/tools/arm-none-eabi-gcc/4.8.3-2014q1/bin/../lib/gcc/arm-none-eabi/4.8.3/../../../../arm-none-eabi/lib/armv6-m\libnosys.a
END GROUP
LOAD c:/users/mitchell.pontague/appdata/local/arduino15/packages/arduino/tools/arm-none-eabi-gcc/4.8.3-2014q1/bin/../lib/gcc/arm-none-eabi/4.8.3/armv6-m/crtend.o
LOAD c:/users/mitchell.pontague/appdata/local/arduino15/packages/arduino/tools/arm-none-eabi-gcc/4.8.3-2014q1/bin/../lib/gcc/arm-none-eabi/4.8.3/armv6-m/crtn.o
                0x00000000                . = ORIGIN (FLASH)

.vectors        0x00000000       0x40
 *(.isr_vector)
 .isr_vector    0x00000000       0x40 build/board_startup.o
                0x00000000                exception_table

.text           0x00000040     0x18f4
 *(.text*)
 .text          0x00000040       0x60 c:/users/mitchell.pontague/appdata/local/arduino15/packages/arduino/tools/arm-none-eabi-gcc/4.8.3-2014q1/bin/../lib/gcc/arm-none-eabi/4.8.3/armv6-m/crtbegin.o
 .text.LED_pulse
                0x000000a0       0x50 build/board_driver_led.o
                0x000000a0                LED_pulse
 .text.write_apa_byte
                0x000000f0       0x2c build/board_driver_led.o
                0x000000f0                write_apa_byte
 .text.delay    0x0000011c       0x10 build/board_driver_led.o
                0x0000011c                delay
 .text.rgb_set_color
                0x0000012c       0x58 build/board_driver_led.o
                0x0000012c                rgb_set_color
 .text.rgb_init
                0x00000184       0x20 build/board_driver_led.o
                0x00000184                rgb_init
 .text.uart_basic_init
                0x000001a4       0x5c build/board_driver_serial.o
                0x000001a4                uart_basic_init
 .text.uart_write_byte
                0x00000200        0xa build/board_driver_serial.o
                0x00000200                uart_write_byte
 *fill*         0x0000020a        0x2 
 .text.uart_read_byte
                0x0000020c       0x30 build/board_driver_serial.o
                0x0000020c                uart_read_byte
 .text.USB_IsConfigured
                0x0000023c       0x84 build/board_driver_usb.o
                0x0000023c                USB_IsConfigured
 .text.USB_Open
                0x000002c0       0x1c build/board_driver_usb.o
                0x000002c0                USB_Open
 .text.USB_Init
                0x000002dc      0x108 build/board_driver_usb.o
                0x000002dc                USB_Init
 .text.USB_Write
                0x000003e4       0x90 build/board_driver_usb.o
                0x000003e4                USB_Write
 .text.USB_Read
                0x00000474       0x7c build/board_driver_usb.o
                0x00000474                USB_Read
 .text.USB_SendStall
                0x000004f0       0x12 build/board_driver_usb.o
                0x000004f0                USB_SendStall
 *fill*         0x00000502        0x2 
 .text.USB_SendZlp
                0x00000504       0x28 build/board_driver_usb.o
                0x00000504                USB_SendZlp
 .text.USB_SetAddress
                0x0000052c        0xc build/board_driver_usb.o
                0x0000052c                USB_SetAddress
 .text.USB_Configure
                0x00000538       0x68 build/board_driver_usb.o
                0x00000538                USB_Configure
 .text.board_init
                0x000005a0      0x100 build/board_init.o
                0x000005a0                board_init
 .text.NMI_Handler
                0x000006a0        0x4 build/board_startup.o
                0x000006a0                NMI_Handler
 .text.HardFault_Handler
                0x000006a4        0x4 build/board_startup.o
                0x000006a4                HardFault_Handler
 .text.SVC_Handler
                0x000006a8        0x4 build/board_startup.o
                0x000006a8                SVC_Handler
 .text.PendSV_Handler
                0x000006ac        0x4 build/board_startup.o
                0x000006ac                PendSV_Handler
 .text.Reset_Handler
                0x000006b0       0x50 build/board_startup.o
                0x000006b0                Reset_Handler
 .text.startup.main
                0x00000700       0xdc build/main.o
                0x00000700                main
 .text.SysTick_Handler
                0x000007dc        0xc build/main.o
                0x000007dc                SysTick_Handler
 .text.usb_init
                0x000007e8       0x20 build/sam_ba_usb.o
                0x000007e8                usb_init
 .text.USB_SendString
                0x00000808       0x46 build/sam_ba_usb.o
                0x00000808                USB_SendString
 *fill*         0x0000084e        0x2 
 .text.sam_ba_usb_CDC_Enumerate
                0x00000850      0x364 build/sam_ba_usb.o
                0x00000850                sam_ba_usb_CDC_Enumerate
 .text.cdc_putc
                0x00000bb4       0x1c build/sam_ba_cdc.o
                0x00000bb4                cdc_putc
 .text.cdc_getc
                0x00000bd0       0x1c build/sam_ba_cdc.o
                0x00000bd0                cdc_getc
 .text.cdc_is_rx_ready
                0x00000bec       0x24 build/sam_ba_cdc.o
                0x00000bec                cdc_is_rx_ready
 .text.cdc_write_buf
                0x00000c10       0x1c build/sam_ba_cdc.o
                0x00000c10                cdc_write_buf
 .text.cdc_read_buf
                0x00000c2c       0x28 build/sam_ba_cdc.o
                0x00000c2c                cdc_read_buf
 .text.cdc_read_buf_xmd
                0x00000c54       0x38 build/sam_ba_cdc.o
                0x00000c54                cdc_read_buf_xmd
 .text.sam_ba_putdata.isra.0
                0x00000c8c       0x18 build/sam_ba_monitor.o
 .text.sam_ba_monitor_init
                0x00000ca4       0x2c build/sam_ba_monitor.o
                0x00000ca4                sam_ba_monitor_init
 .text.sam_ba_putdata_term
                0x00000cd0       0x80 build/sam_ba_monitor.o
                0x00000cd0                sam_ba_putdata_term
 .text.call_applet
                0x00000d50       0x1c build/sam_ba_monitor.o
                0x00000d50                call_applet
 .text.sam_ba_monitor_sys_tick
                0x00000d6c       0x2c build/sam_ba_monitor.o
                0x00000d6c                sam_ba_monitor_sys_tick
 .text.sam_ba_monitor_run
                0x00000d98      0x4e8 build/sam_ba_monitor.o
                0x00000d98                sam_ba_monitor_run
 .text.serial_open
                0x00001280       0xac build/sam_ba_serial.o
                0x00001280                serial_open
 .text.serial_putc
                0x0000132c       0x14 build/sam_ba_serial.o
                0x0000132c                serial_putc
 .text.serial_is_rx_ready
                0x00001340       0x10 build/sam_ba_serial.o
                0x00001340                serial_is_rx_ready
 .text.serial_getc
                0x00001350       0x18 build/sam_ba_serial.o
                0x00001350                serial_getc
 .text.serial_sharp_received
                0x00001368       0x1c build/sam_ba_serial.o
                0x00001368                serial_sharp_received
 .text.serial_putdata
                0x00001384       0x1a build/sam_ba_serial.o
                0x00001384                serial_putdata
 .text.serial_getdata
                0x0000139e        0xe build/sam_ba_serial.o
                0x0000139e                serial_getdata
 .text.serial_add_crc
                0x000013ac       0x18 build/sam_ba_serial.o
                0x000013ac                serial_add_crc
 .text.getbytes
                0x000013c4       0x64 build/sam_ba_serial.o
 .text.serial_putdata_xmd
                0x00001428      0x108 build/sam_ba_serial.o
                0x00001428                serial_putdata_xmd
 .text.serial_getdata_xmd
                0x00001530       0xf4 build/sam_ba_serial.o
                0x00001530                serial_getdata_xmd
 .text.memcpy   0x00001624       0x12 c:/users/mitchell.pontague/appdata/local/arduino15/packages/arduino/tools/arm-none-eabi-gcc/4.8.3-2014q1/bin/../lib/gcc/arm-none-eabi/4.8.3/../../../../arm-none-eabi/lib/armv6-m\libc_s.a(lib_a-memcpy-stub.o)
                0x00001624                memcpy
 .text.memset   0x00001636       0x10 c:/users/mitchell.pontague/appdata/local/arduino15/packages/arduino/tools/arm-none-eabi-gcc/4.8.3-2014q1/bin/../lib/gcc/arm-none-eabi/4.8.3/../../../../arm-none-eabi/lib/armv6-m\libc_s.a(lib_a-memset.o)
                0x00001636                memset
 .text.strlen   0x00001646        0xe c:/users/mitchell.pontague/appdata/local/arduino15/packages/arduino/tools/arm-none-eabi-gcc/4.8.3-2014q1/bin/../lib/gcc/arm-none-eabi/4.8.3/../../../../arm-none-eabi/lib/armv6-m\libc_s.a(lib_a-strlen.o)
                0x00001646                strlen
 *(.init)
 .init          0x00001654        0x4 c:/users/mitchell.pontague/appdata/local/arduino15/packages/arduino/tools/arm-none-eabi-gcc/4.8.3-2014q1/bin/../lib/gcc/arm-none-eabi/4.8.3/armv6-m/crti.o
                0x00001654                _init
 .init          0x00001658        0x8 c:/users/mitchell.pontague/appdata/local/arduino15/packages/arduino/tools/arm-none-eabi-gcc/4.8.3-2014q1/bin/../lib/gcc/arm-none-eabi/4.8.3/armv6-m/crtn.o
 *(.fini)
 .fini          0x00001660        0x4 c:/users/mitchell.pontague/appdata/local/arduino15/packages/arduino/tools/arm-none-eabi-gcc/4.8.3-2014q1/bin/../lib/gcc/arm-none-eabi/4.8.3/armv6-m/crti.o
                0x00001660                _fini
 .fini          0x00001664        0x8 c:/users/mitchell.pontague/appdata/local/arduino15/packages/arduino/tools/arm-none-eabi-gcc/4.8.3-2014q1/bin/../lib/gcc/arm-none-eabi/4.8.3/armv6-m/crtn.o
 *crtbegin.o(.ctors)
 *crtbegin?.o(.ctors)
 *(EXCLUDE_FILE(*crtend.o *crtend?.o) .ctors)
 *(SORT(.ctors.*))
 *(.ctors)
 *crtbegin.o(.dtors)
 *crtbegin?.o(.dtors)
 *(EXCLUDE_FILE(*crtend.o *crtend?.o) .dtors)
 *(SORT(.dtors.*))
 *(.dtors)
 *(.rodata*)
 .rodata        0x0000166c        0x4 build/sam_ba_usb.o
 .rodata.str1.1
                0x00001670       0x13 build/sam_ba_usb.o
 *fill*         0x00001683        0x1 
 .rodata.devDescriptor
                0x00001684       0x14 build/sam_ba_usb.o
 .rodata        0x00001698       0x20 build/sam_ba_monitor.o
 .rodata.uart_if
                0x000016b8       0x1c build/sam_ba_monitor.o
                0x000016b8                uart_if
 .rodata.str1.1
                0x000016d4       0x29 build/sam_ba_monitor.o
                                 0x2c (size before relaxing)
 .rodata.RomBOOT_Version
                0x000016fd        0x4 build/sam_ba_monitor.o
                0x000016fd                RomBOOT_Version
 *fill*         0x00001701        0x3 
 .rodata.usbcdc_if
                0x00001704       0x1c build/sam_ba_monitor.o
                0x00001704                usbcdc_if
 .rodata.RomBOOT_ExtendedCapabilities
                0x00001720        0xe build/sam_ba_monitor.o
                0x00001720                RomBOOT_ExtendedCapabilities
 .rodata.crc16Table
                0x0000172e      0x200 build/sam_ba_serial.o
 *(.eh_frame*)
 *fill*         0x0000192e        0x2 
 .eh_frame      0x00001930        0x0 c:/users/mitchell.pontague/appdata/local/arduino15/packages/arduino/tools/arm-none-eabi-gcc/4.8.3-2014q1/bin/../lib/gcc/arm-none-eabi/4.8.3/armv6-m/crtbegin.o
 .eh_frame      0x00001930        0x4 c:/users/mitchell.pontague/appdata/local/arduino15/packages/arduino/tools/arm-none-eabi-gcc/4.8.3-2014q1/bin/../lib/gcc/arm-none-eabi/4.8.3/armv6-m/crtend.o

.glue_7         0x00001934        0x0
 .glue_7        0x00000000        0x0 linker stubs

.glue_7t        0x00001934        0x0
 .glue_7t       0x00000000        0x0 linker stubs

.vfp11_veneer   0x00001934        0x0
 .vfp11_veneer  0x00000000        0x0 linker stubs

.v4_bx          0x00001934        0x0
 .v4_bx         0x00000000        0x0 linker stubs

.iplt           0x00001934        0x0
 .iplt          0x00000000        0x0 c:/users/mitchell.pontague/appdata/local/arduino15/packages/arduino/tools/arm-none-eabi-gcc/4.8.3-2014q1/bin/../lib/gcc/arm-none-eabi/4.8.3/armv6-m/crtbegin.o

.rel.dyn        0x00001934        0x0
 .rel.iplt      0x00000000        0x0 c:/users/mitchell.pontague/appdata/local/arduino15/packages/arduino/tools/arm-none-eabi-gcc/4.8.3-2014q1/bin/../lib/gcc/arm-none-eabi/4.8.3/armv6-m/crtbegin.o

.ARM.extab
 *(.ARM.extab* .gnu.linkonce.armextab.*)
                0x00001934                __exidx_start = .

.ARM.exidx
 *(.ARM.exidx* .gnu.linkonce.armexidx.*)
                0x00001934                __exidx_end = .
                0x00001934                __etext = .
                0x00002000                PROVIDE (__sketch_vectors_ptr, (ORIGIN (FLASH) + 0x2000))

.data           0x20000000       0x5c load address 0x00001934
                0x20000000                __data_start__ = .
 *(vtable)
 *(.data*)
 .data.ledDirection
                0x20000000        0x1 build/board_driver_led.o
                0x20000000                ledDirection
 .data.ledTargetValue
                0x20000001        0x1 build/board_driver_led.o
                0x20000001                ledTargetValue
 *fill*         0x20000002        0x2 
 .data.cfgDescriptor
                0x20000004       0x44 build/sam_ba_usb.o
 .data.line_coding
                0x20000048        0x8 build/sam_ba_cdc.o
                0x20000048                line_coding
                0x20000050                . = ALIGN (0x4)
                0x20000050                PROVIDE (__preinit_array_start, .)
 *(.preinit_array)
                0x20000050                PROVIDE (__preinit_array_end, .)
                0x20000050                . = ALIGN (0x4)
                0x20000050                PROVIDE (__init_array_start, .)
 *(SORT(.init_array.*))
 *(.init_array)
 .init_array    0x20000050        0x4 c:/users/mitchell.pontague/appdata/local/arduino15/packages/arduino/tools/arm-none-eabi-gcc/4.8.3-2014q1/bin/../lib/gcc/arm-none-eabi/4.8.3/armv6-m/crtbegin.o
                0x20000054                PROVIDE (__init_array_end, .)
                0x20000054                . = ALIGN (0x4)
                0x20000054                PROVIDE (__fini_array_start, .)
 *(SORT(.fini_array.*))
 *(.fini_array)
 .fini_array    0x20000054        0x4 c:/users/mitchell.pontague/appdata/local/arduino15/packages/arduino/tools/arm-none-eabi-gcc/4.8.3-2014q1/bin/../lib/gcc/arm-none-eabi/4.8.3/armv6-m/crtbegin.o
                0x20000058                PROVIDE (__fini_array_end, .)
 *(.jcr*)
 .jcr           0x20000058        0x0 c:/users/mitchell.pontague/appdata/local/arduino15/packages/arduino/tools/arm-none-eabi-gcc/4.8.3-2014q1/bin/../lib/gcc/arm-none-eabi/4.8.3/armv6-m/crtbegin.o
 .jcr           0x20000058        0x4 c:/users/mitchell.pontague/appdata/local/arduino15/packages/arduino/tools/arm-none-eabi-gcc/4.8.3-2014q1/bin/../lib/gcc/arm-none-eabi/4.8.3/armv6-m/crtend.o
                0x2000005c                . = ALIGN (0x4)
                0x2000005c                __data_end__ = .

.igot.plt       0x2000005c        0x0 load address 0x00001990
 .igot.plt      0x00000000        0x0 c:/users/mitchell.pontague/appdata/local/arduino15/packages/arduino/tools/arm-none-eabi-gcc/4.8.3-2014q1/bin/../lib/gcc/arm-none-eabi/4.8.3/armv6-m/crtbegin.o

.bss            0x2000005c      0x348 load address 0x00001990
                0x2000005c                . = ALIGN (0x4)
                0x2000005c                __bss_start__ = .
 *(.bss*)
 .bss           0x2000005c       0x1c c:/users/mitchell.pontague/appdata/local/arduino15/packages/arduino/tools/arm-none-eabi-gcc/4.8.3-2014q1/bin/../lib/gcc/arm-none-eabi/4.8.3/armv6-m/crtbegin.o
 .bss.ledKeepValue
                0x20000078        0x1 build/board_driver_led.o
                0x20000078                ledKeepValue
 .bss.uart_drv_error_flag
                0x20000079        0x1 build/board_driver_serial.o
                0x20000079                uart_drv_error_flag
 .bss.read_job  0x2000007a        0x1 build/board_driver_usb.o
 .bss.main_b_cdc_enable
                0x2000007b        0x1 build/main.o
 .bss.wLength.10336
                0x2000007c        0x2 build/sam_ba_usb.o
 .bss.bmRequestType.10331
                0x2000007e        0x1 build/sam_ba_usb.o
 .bss.bRequest.10332
                0x2000007f        0x1 build/sam_ba_usb.o
 .bss.wValue.10334
                0x20000080        0x2 build/sam_ba_usb.o
 .bss.wStatus.10337
                0x20000082        0x2 build/sam_ba_usb.o
 .bss.dir.10333
                0x20000084        0x1 build/sam_ba_usb.o
 *fill*         0x20000085        0x1 
 .bss.wIndex.10335
                0x20000086        0x2 build/sam_ba_usb.o
 .bss.b_terminal_mode
                0x20000088        0x1 build/sam_ba_monitor.o
                0x20000088                b_terminal_mode
 *fill*         0x20000089        0x1 
 .bss.rxLEDPulse
                0x2000008a        0x2 build/sam_ba_monitor.o
                0x2000008a                rxLEDPulse
 .bss.txLEDPulse
                0x2000008c        0x2 build/sam_ba_monitor.o
                0x2000008c                txLEDPulse
 *fill*         0x2000008e        0x2 
 .bss.src_buff_addr.11268
                0x20000090        0x4 build/sam_ba_monitor.o
 .bss.b_sam_ba_interface_usart
                0x20000094        0x1 build/sam_ba_monitor.o
                0x20000094                b_sam_ba_interface_usart
 *(COMMON)
 *fill*         0x20000095        0x3 
 COMMON         0x20000098      0x180 build/board_driver_usb.o
                0x20000098                udd_ep_out_cache_buffer
                0x20000118                udd_ep_in_cache_buffer
                0x20000198                usb_endpoint_table
 COMMON         0x20000218        0xc build/sam_ba_usb.o
                0x20000218                sam_ba_cdc
 COMMON         0x20000224       0x74 build/sam_ba_monitor.o
                0x20000224                j
                0x20000228                length
                0x2000022c                ptr
                0x20000230                command
                0x20000234                MAX_FLASH
                0x20000238                PAGES
                0x2000023c                i
                0x20000240                PAGE_SIZE
                0x20000244                data
                0x20000284                ptr_data
                0x20000288                ptr_monitor_if
                0x2000028c                sp
                0x20000290                current_number
                0x20000294                u32tmp
 COMMON         0x20000298      0x109 build/sam_ba_serial.o
                0x20000298                b_sharp_received
                0x20000299                idx_rx_write
                0x2000029a                size_of_data
                0x2000029c                idx_tx_read
                0x2000029d                buffer_tx_usart
                0x2000031d                error_timeout
                0x2000031e                mode_of_transfer
                0x2000031f                idx_rx_read
                0x20000320                idx_tx_write
                0x20000321                buffer_rx_usart
                0x200003a4                . = ALIGN (0x4)
 *fill*         0x200003a1        0x3 
                0x200003a4                __bss_end__ = .

.heap           0x200003a4        0x0
                0x200003a4                __end__ = .
                0x200003a4                PROVIDE (end, .)
 *(.heap*)
                0x200003a4                __HeapLimit = .

.stack_dummy    0x200003a4        0x0
 *(.stack*)
                0x20007ffc                __StackTop = (ORIGIN (RAM) + 0x7ffc)
                0x20007ffc                __StackLimit = (__StackTop - SIZEOF (.stack_dummy))
                0x20007ffc                PROVIDE (__stack, __StackTop)
                0x20007ffb                __ram_end__ = ((ORIGIN (RAM) + 0x7ffc) - 0x1)
                0x00000001                ASSERT ((__StackLimit >= __HeapLimit), region RAM overflowed with stack)
OUTPUT(build/pathfinder.elf elf32-littlearm)

.ARM.attributes
                0x00000000       0x28
 .ARM.attributes
                0x00000000       0x1e c:/users/mitchell.pontague/appdata/local/arduino15/packages/arduino/tools/arm-none-eabi-gcc/4.8.3-2014q1/bin/../lib/gcc/arm-none-eabi/4.8.3/armv6-m/crti.o
 .ARM.attributes
                0x0000001e       0x2c c:/users/mitchell.pontague/appdata/local/arduino15/packages/arduino/tools/arm-none-eabi-gcc/4.8.3-2014q1/bin/../lib/gcc/arm-none-eabi/4.8.3/armv6-m/crtbegin.o
 .ARM.attributes
                0x0000004a       0x32 build/board_driver_led.o
 .ARM.attributes
                0x0000007c       0x32 build/board_driver_serial.o
 .ARM.attributes
                0x000000ae       0x32 build/board_driver_usb.o
 .ARM.attributes
                0x000000e0       0x32 build/board_init.o
 .ARM.attributes
                0x00000112       0x32 build/board_startup.o
 .ARM.attributes
                0x00000144       0x32 build/main.o
 .ARM.attributes
                0x00000176       0x32 build/sam_ba_usb.o
 .ARM.attributes
                0x000001a8       0x32 build/sam_ba_cdc.o
 .ARM.attributes
                0x000001da       0x32 build/sam_ba_monitor.o
 .ARM.attributes
                0x0000020c       0x32 build/sam_ba_serial.o
 .ARM.attributes
                0x0000023e       0x2c c:/users/mitchell.pontague/appdata/local/arduino15/packages/arduino/tools/arm-none-eabi-gcc/4.8.3-2014q1/bin/../lib/gcc/arm-none-eabi/4.8.3/../../../../arm-none-eabi/lib/armv6-m\libc_s.a(lib_a-memcpy-stub.o)
 .ARM.attributes
                0x0000026a       0x2c c:/users/mitchell.pontague/appdata/local/arduino15/packages/arduino/tools/arm-none-eabi-gcc/4.8.3-2014q1/bin/../lib/gcc/arm-none-eabi/4.8.3/../../../../arm-none-eabi/lib/armv6-m\libc_s.a(lib_a-memset.o)
 .ARM.attributes
                0x00000296       0x2c c:/users/mitchell.pontague/appdata/local/arduino15/packages/arduino/tools/arm-none-eabi-gcc/4.8.3-2014q1/bin/../lib/gcc/arm-none-eabi/4.8.3/../../../../arm-none-eabi/lib/armv6-m\libc_s.a(lib_a-strlen.o)
 .ARM.attributes
                0x000002c2       0x2c c:/users/mitchell.pontague/appdata/local/arduino15/packages/arduino/tools/arm-none-eabi-gcc/4.8.3-2014q1/bin/../lib/gcc/arm-none-eabi/4.8.3/armv6-m/crtend.o
 .ARM.attributes
                0x000002ee       0x1e c:/users/mitchell.pontague/appdata/local/arduino15/packages/arduino/tools/arm-none-eabi-gcc/4.8.3-2014q1/bin/../lib/gcc/arm-none-eabi/4.8.3/armv6-m/crtn.o

.comment        0x00000000       0x70
 .comment       0x00000000       0x70 build/board_driver_led.o
                                 0x71 (size before relaxing)
 .comment       0x00000000       0x71 build/board_driver_serial.o
 .comment       0x00000000       0x71 build/board_driver_usb.o
 .comment       0x00000000       0x71 build/board_init.o
 .comment       0x00000000       0x71 build/board_startup.o
 .comment       0x00000000       0x71 build/main.o
 .comment       0x00000000       0x71 build/sam_ba_usb.o
 .comment       0x00000000       0x71 build/sam_ba_cdc.o
 .comment       0x00000000       0x71 build/sam_ba_monitor.o
 .comment       0x00000000       0x71 build/sam_ba_serial.o

.debug_frame    0x00000000       0x68
 .debug_frame   0x00000000       0x28 c:/users/mitchell.pontague/appdata/local/arduino15/packages/arduino/tools/arm-none-eabi-gcc/4.8.3-2014q1/bin/../lib/gcc/arm-none-eabi/4.8.3/../../../../arm-none-eabi/lib/armv6-m\libc_s.a(lib_a-memcpy-stub.o)
 .debug_frame   0x00000028       0x20 c:/users/mitchell.pontague/appdata/local/arduino15/packages/arduino/tools/arm-none-eabi-gcc/4.8.3-2014q1/bin/../lib/gcc/arm-none-eabi/4.8.3/../../../../arm-none-eabi/lib/armv6-m\libc_s.a(lib_a-memset.o)
 .debug_frame   0x00000048       0x20 c:/users/mitchell.pontague/appdata/local/arduino15/packages/arduino/tools/arm-none-eabi-gcc/4.8.3-2014q1/bin/../lib/gcc/arm-none-eabi/4.8.3/../../../../arm-none-eabi/lib/armv6-m\libc_s.a(lib_a-strlen.o)

Cross Reference Table

Symbol                                            File
HardFault_Handler                                 build/board_startup.o
LED_pulse                                         build/board_driver_led.o
                                                  build/main.o
MAX_FLASH                                         build/sam_ba_monitor.o
NMI_Handler                                       build/board_startup.o
PAGES                                             build/sam_ba_monitor.o
PAGE_SIZE                                         build/sam_ba_monitor.o
PendSV_Handler                                    build/board_startup.o
Reset_Handler                                     build/board_startup.o
RomBOOT_ExtendedCapabilities                      build/sam_ba_monitor.o
RomBOOT_Version                                   build/sam_ba_monitor.o
SVC_Handler                                       build/board_startup.o
SysTick_Handler                                   build/main.o
                                                  build/board_startup.o
USB_Configure                                     build/board_driver_usb.o
                                                  build/sam_ba_usb.o
USB_Init                                          build/board_driver_usb.o
                                                  build/sam_ba_usb.o
USB_IsConfigured                                  build/board_driver_usb.o
                                                  build/sam_ba_cdc.o
USB_Open                                          build/board_driver_usb.o
                                                  build/sam_ba_usb.o
USB_Read                                          build/board_driver_usb.o
                                                  build/sam_ba_cdc.o
USB_Read_blocking                                 build/board_driver_usb.o
USB_SendStall                                     build/board_driver_usb.o
                                                  build/sam_ba_usb.o
USB_SendString                                    build/sam_ba_usb.o
USB_SendZlp                                       build/board_driver_usb.o
                                                  build/sam_ba_usb.o
USB_SetAddress                                    build/board_driver_usb.o
                                                  build/sam_ba_usb.o
USB_Write                                         build/board_driver_usb.o
                                                  build/sam_ba_cdc.o
                                                  build/sam_ba_usb.o
_Jv_RegisterClasses                               c:/users/mitchell.pontague/appdata/local/arduino15/packages/arduino/tools/arm-none-eabi-gcc/4.8.3-2014q1/bin/../lib/gcc/arm-none-eabi/4.8.3/armv6-m/crtbegin.o
__StackTop                                        build/board_startup.o
__bss_end__                                       build/board_startup.o
                                                  c:/users/mitchell.pontague/appdata/local/arduino15/packages/arduino/tools/arm-none-eabi-gcc/4.8.3-2014q1/bin/../lib/gcc/arm-none-eabi/4.8.3/../../../../arm-none-eabi/lib/armv6-m/crt0.o
__bss_start__                                     build/board_startup.o
                                                  c:/users/mitchell.pontague/appdata/local/arduino15/packages/arduino/tools/arm-none-eabi-gcc/4.8.3-2014q1/bin/../lib/gcc/arm-none-eabi/4.8.3/../../../../arm-none-eabi/lib/armv6-m/crt0.o
__call_exitprocs                                  c:/users/mitchell.pontague/appdata/local/arduino15/packages/arduino/tools/arm-none-eabi-gcc/4.8.3-2014q1/bin/../lib/gcc/arm-none-eabi/4.8.3/../../../../arm-none-eabi/lib/armv6-m\libc_s.a(lib_a-exit.o)
__data_end__                                      build/board_startup.o
__data_start__                                    build/board_startup.o
__deregister_frame_info                           c:/users/mitchell.pontague/appdata/local/arduino15/packages/arduino/tools/arm-none-eabi-gcc/4.8.3-2014q1/bin/../lib/gcc/arm-none-eabi/4.8.3/armv6-m/crtbegin.o
__dso_handle                                      c:/users/mitchell.pontague/appdata/local/arduino15/packages/arduino/tools/arm-none-eabi-gcc/4.8.3-2014q1/bin/../lib/gcc/arm-none-eabi/4.8.3/armv6-m/crtbegin.o
__etext                                           build/board_startup.o
__init_array_end                                  c:/users/mitchell.pontague/appdata/local/arduino15/packages/arduino/tools/arm-none-eabi-gcc/4.8.3-2014q1/bin/../lib/gcc/arm-none-eabi/4.8.3/../../../../arm-none-eabi/lib/armv6-m\libc_s.a(lib_a-init.o)
__init_array_start                                c:/users/mitchell.pontague/appdata/local/arduino15/packages/arduino/tools/arm-none-eabi-gcc/4.8.3-2014q1/bin/../lib/gcc/arm-none-eabi/4.8.3/../../../../arm-none-eabi/lib/armv6-m\libc_s.a(lib_a-init.o)
__libc_fini_array                                 c:/users/mitchell.pontague/appdata/local/arduino15/packages/arduino/tools/arm-none-eabi-gcc/4.8.3-2014q1/bin/../lib/gcc/arm-none-eabi/4.8.3/../../../../arm-none-eabi/lib/armv6-m/crt0.o
__libc_init_array                                 c:/users/mitchell.pontague/appdata/local/arduino15/packages/arduino/tools/arm-none-eabi-gcc/4.8.3-2014q1/bin/../lib/gcc/arm-none-eabi/4.8.3/../../../../arm-none-eabi/lib/armv6-m\libc_s.a(lib_a-init.o)
                                                  c:/users/mitchell.pontague/appdata/local/arduino15/packages/arduino/tools/arm-none-eabi-gcc/4.8.3-2014q1/bin/../lib/gcc/arm-none-eabi/4.8.3/../../../../arm-none-eabi/lib/armv6-m/crt0.o
__preinit_array_end                               c:/users/mitchell.pontague/appdata/local/arduino15/packages/arduino/tools/arm-none-eabi-gcc/4.8.3-2014q1/bin/../lib/gcc/arm-none-eabi/4.8.3/../../../../arm-none-eabi/lib/armv6-m\libc_s.a(lib_a-init.o)
__preinit_array_start                             c:/users/mitchell.pontague/appdata/local/arduino15/packages/arduino/tools/arm-none-eabi-gcc/4.8.3-2014q1/bin/../lib/gcc/arm-none-eabi/4.8.3/../../../../arm-none-eabi/lib/armv6-m\libc_s.a(lib_a-init.o)
__register_frame_info                             c:/users/mitchell.pontague/appdata/local/arduino15/packages/arduino/tools/arm-none-eabi-gcc/4.8.3-2014q1/bin/../lib/gcc/arm-none-eabi/4.8.3/armv6-m/crtbegin.o
__sf_fake_stderr                                  c:/users/mitchell.pontague/appdata/local/arduino15/packages/arduino/tools/arm-none-eabi-gcc/4.8.3-2014q1/bin/../lib/gcc/arm-none-eabi/4.8.3/../../../../arm-none-eabi/lib/armv6-m\libc_s.a(lib_a-impure.o)
__sf_fake_stdin                                   c:/users/mitchell.pontague/appdata/local/arduino15/packages/arduino/tools/arm-none-eabi-gcc/4.8.3-2014q1/bin/../lib/gcc/arm-none-eabi/4.8.3/../../../../arm-none-eabi/lib/armv6-m\libc_s.a(lib_a-impure.o)
__sf_fake_stdout                                  c:/users/mitchell.pontague/appdata/local/arduino15/packages/arduino/tools/arm-none-eabi-gcc/4.8.3-2014q1/bin/../lib/gcc/arm-none-eabi/4.8.3/../../../../arm-none-eabi/lib/armv6-m\libc_s.a(lib_a-impure.o)
__sketch_vectors_ptr                              build/main.o
__stack                                           c:/users/mitchell.pontague/appdata/local/arduino15/packages/arduino/tools/arm-none-eabi-gcc/4.8.3-2014q1/bin/../lib/gcc/arm-none-eabi/4.8.3/../../../../arm-none-eabi/lib/armv6-m/crt0.o
_exit                                             c:/users/mitchell.pontague/appdata/local/arduino15/packages/arduino/tools/arm-none-eabi-gcc/4.8.3-2014q1/bin/../lib/gcc/arm-none-eabi/4.8.3/../../../../arm-none-eabi/lib/armv6-m\libnosys.a(_exit.o)
                                                  c:/users/mitchell.pontague/appdata/local/arduino15/packages/arduino/tools/arm-none-eabi-gcc/4.8.3-2014q1/bin/../lib/gcc/arm-none-eabi/4.8.3/../../../../arm-none-eabi/lib/armv6-m\libc_s.a(lib_a-exit.o)
_fini                                             c:/users/mitchell.pontague/appdata/local/arduino15/packages/arduino/tools/arm-none-eabi-gcc/4.8.3-2014q1/bin/../lib/gcc/arm-none-eabi/4.8.3/armv6-m/crti.o
_global_impure_ptr                                c:/users/mitchell.pontague/appdata/local/arduino15/packages/arduino/tools/arm-none-eabi-gcc/4.8.3-2014q1/bin/../lib/gcc/arm-none-eabi/4.8.3/../../../../arm-none-eabi/lib/armv6-m\libc_s.a(lib_a-impure.o)
                                                  c:/users/mitchell.pontague/appdata/local/arduino15/packages/arduino/tools/arm-none-eabi-gcc/4.8.3-2014q1/bin/../lib/gcc/arm-none-eabi/4.8.3/../../../../arm-none-eabi/lib/armv6-m\libc_s.a(lib_a-exit.o)
_impure_ptr                                       c:/users/mitchell.pontague/appdata/local/arduino15/packages/arduino/tools/arm-none-eabi-gcc/4.8.3-2014q1/bin/../lib/gcc/arm-none-eabi/4.8.3/../../../../arm-none-eabi/lib/armv6-m\libc_s.a(lib_a-impure.o)
_init                                             c:/users/mitchell.pontague/appdata/local/arduino15/packages/arduino/tools/arm-none-eabi-gcc/4.8.3-2014q1/bin/../lib/gcc/arm-none-eabi/4.8.3/armv6-m/crti.o
                                                  c:/users/mitchell.pontague/appdata/local/arduino15/packages/arduino/tools/arm-none-eabi-gcc/4.8.3-2014q1/bin/../lib/gcc/arm-none-eabi/4.8.3/../../../../arm-none-eabi/lib/armv6-m\libc_s.a(lib_a-init.o)
_mainCRTStartup                                   c:/users/mitchell.pontague/appdata/local/arduino15/packages/arduino/tools/arm-none-eabi-gcc/4.8.3-2014q1/bin/../lib/gcc/arm-none-eabi/4.8.3/../../../../arm-none-eabi/lib/armv6-m/crt0.o
_start                                            c:/users/mitchell.pontague/appdata/local/arduino15/packages/arduino/tools/arm-none-eabi-gcc/4.8.3-2014q1/bin/../lib/gcc/arm-none-eabi/4.8.3/../../../../arm-none-eabi/lib/armv6-m/crt0.o
atexit                                            c:/users/mitchell.pontague/appdata/local/arduino15/packages/arduino/tools/arm-none-eabi-gcc/4.8.3-2014q1/bin/../lib/gcc/arm-none-eabi/4.8.3/../../../../arm-none-eabi/lib/armv6-m/crt0.o
b_sam_ba_interface_usart                          build/sam_ba_monitor.o
b_sharp_received                                  build/sam_ba_serial.o
b_terminal_mode                                   build/sam_ba_monitor.o
board_init                                        build/board_init.o
                                                  build/main.o
buffer_rx_usart                                   build/sam_ba_serial.o
buffer_tx_usart                                   build/sam_ba_serial.o
call_applet                                       build/sam_ba_monitor.o
cdc_getc                                          build/sam_ba_cdc.o
                                                  build/sam_ba_monitor.o
cdc_is_rx_ready                                   build/sam_ba_cdc.o
                                                  build/sam_ba_monitor.o
cdc_putc                                          build/sam_ba_cdc.o
                                                  build/sam_ba_monitor.o
cdc_read_buf                                      build/sam_ba_cdc.o
                                                  build/sam_ba_monitor.o
cdc_read_buf_xmd                                  build/sam_ba_cdc.o
                                                  build/sam_ba_monitor.o
cdc_write_buf                                     build/sam_ba_cdc.o
                                                  build/sam_ba_monitor.o
command                                           build/sam_ba_monitor.o
current_number                                    build/sam_ba_monitor.o
data                                              build/sam_ba_monitor.o
delay                                             build/board_driver_led.o
error_timeout                                     build/sam_ba_serial.o
exception_table                                   build/board_startup.o
exit                                              c:/users/mitchell.pontague/appdata/local/arduino15/packages/arduino/tools/arm-none-eabi-gcc/4.8.3-2014q1/bin/../lib/gcc/arm-none-eabi/4.8.3/../../../../arm-none-eabi/lib/armv6-m\libc_s.a(lib_a-exit.o)
                                                  c:/users/mitchell.pontague/appdata/local/arduino15/packages/arduino/tools/arm-none-eabi-gcc/4.8.3-2014q1/bin/../lib/gcc/arm-none-eabi/4.8.3/../../../../arm-none-eabi/lib/armv6-m/crt0.o
hardware_init_hook                                c:/users/mitchell.pontague/appdata/local/arduino15/packages/arduino/tools/arm-none-eabi-gcc/4.8.3-2014q1/bin/../lib/gcc/arm-none-eabi/4.8.3/../../../../arm-none-eabi/lib/armv6-m/crt0.o
i                                                 build/sam_ba_monitor.o
idx_rx_read                                       build/sam_ba_serial.o
idx_rx_write                                      build/sam_ba_serial.o
idx_tx_read                                       build/sam_ba_serial.o
idx_tx_write                                      build/sam_ba_serial.o
j                                                 build/sam_ba_monitor.o
ledDirection                                      build/board_driver_led.o
ledKeepValue                                      build/board_driver_led.o
ledTargetValue                                    build/board_driver_led.o
length                                            build/sam_ba_monitor.o
line_coding                                       build/sam_ba_cdc.o
                                                  build/sam_ba_usb.o
main                                              build/main.o
                                                  build/board_startup.o
                                                  c:/users/mitchell.pontague/appdata/local/arduino15/packages/arduino/tools/arm-none-eabi-gcc/4.8.3-2014q1/bin/../lib/gcc/arm-none-eabi/4.8.3/../../../../arm-none-eabi/lib/armv6-m/crt0.o
memcpy                                            c:/users/mitchell.pontague/appdata/local/arduino15/packages/arduino/tools/arm-none-eabi-gcc/4.8.3-2014q1/bin/../lib/gcc/arm-none-eabi/4.8.3/../../../../arm-none-eabi/lib/armv6-m\libc_s.a(lib_a-memcpy-stub.o)
                                                  build/sam_ba_monitor.o
                                                  build/sam_ba_usb.o
                                                  build/board_driver_usb.o
memset                                            c:/users/mitchell.pontague/appdata/local/arduino15/packages/arduino/tools/arm-none-eabi-gcc/4.8.3-2014q1/bin/../lib/gcc/arm-none-eabi/4.8.3/../../../../arm-none-eabi/lib/armv6-m\libc_s.a(lib_a-memset.o)
                                                  build/board_driver_usb.o
                                                  c:/users/mitchell.pontague/appdata/local/arduino15/packages/arduino/tools/arm-none-eabi-gcc/4.8.3-2014q1/bin/../lib/gcc/arm-none-eabi/4.8.3/../../../../arm-none-eabi/lib/armv6-m/crt0.o
mode_of_transfer                                  build/sam_ba_serial.o
ptr                                               build/sam_ba_monitor.o
ptr_data                                          build/sam_ba_monitor.o
ptr_monitor_if                                    build/sam_ba_monitor.o
rgb_init                                          build/board_driver_led.o
                                                  build/main.o
rgb_set_color                                     build/board_driver_led.o
rxLEDPulse                                        build/sam_ba_monitor.o
sam_ba_cdc                                        build/sam_ba_cdc.o
                                                  build/sam_ba_usb.o
sam_ba_monitor_init                               build/sam_ba_monitor.o
                                                  build/main.o
sam_ba_monitor_run                                build/sam_ba_monitor.o
                                                  build/main.o
sam_ba_monitor_sys_tick                           build/sam_ba_monitor.o
                                                  build/main.o
sam_ba_putdata_term                               build/sam_ba_monitor.o
sam_ba_usb_CDC_Enumerate                          build/sam_ba_usb.o
                                                  build/board_driver_usb.o
serial_add_crc                                    build/sam_ba_serial.o
                                                  build/sam_ba_monitor.o
serial_close                                      build/sam_ba_serial.o
serial_getc                                       build/sam_ba_serial.o
                                                  build/sam_ba_monitor.o
serial_getdata                                    build/sam_ba_serial.o
                                                  build/sam_ba_monitor.o
serial_getdata_xmd                                build/sam_ba_serial.o
                                                  build/sam_ba_monitor.o
serial_is_rx_ready                                build/sam_ba_serial.o
                                                  build/sam_ba_monitor.o
serial_open                                       build/sam_ba_serial.o
                                                  build/main.o
serial_putc                                       build/sam_ba_serial.o
                                                  build/sam_ba_monitor.o
serial_putdata                                    build/sam_ba_serial.o
                                                  build/sam_ba_monitor.o
serial_putdata_xmd                                build/sam_ba_serial.o
                                                  build/sam_ba_monitor.o
serial_readc                                      build/sam_ba_serial.o
serial_sharp_received                             build/sam_ba_serial.o
                                                  build/main.o
size_of_data                                      build/sam_ba_serial.o
software_init_hook                                c:/users/mitchell.pontague/appdata/local/arduino15/packages/arduino/tools/arm-none-eabi-gcc/4.8.3-2014q1/bin/../lib/gcc/arm-none-eabi/4.8.3/../../../../arm-none-eabi/lib/armv6-m/crt0.o
sp                                                build/sam_ba_monitor.o
strlen                                            c:/users/mitchell.pontague/appdata/local/arduino15/packages/arduino/tools/arm-none-eabi-gcc/4.8.3-2014q1/bin/../lib/gcc/arm-none-eabi/4.8.3/../../../../arm-none-eabi/lib/armv6-m\libc_s.a(lib_a-strlen.o)
                                                  build/sam_ba_usb.o
txLEDPulse                                        build/sam_ba_monitor.o
u32tmp                                            build/sam_ba_monitor.o
uart_basic_init                                   build/board_driver_serial.o
                                                  build/sam_ba_serial.o
uart_disable                                      build/board_driver_serial.o
                                                  build/sam_ba_serial.o
uart_drv_error_flag                               build/board_driver_serial.o
uart_if                                           build/sam_ba_monitor.o
uart_read_buffer_polled                           build/board_driver_serial.o
uart_read_byte                                    build/board_driver_serial.o
                                                  build/sam_ba_serial.o
uart_write_buffer_polled                          build/board_driver_serial.o
uart_write_byte                                   build/board_driver_serial.o
                                                  build/sam_ba_serial.o
udd_ep_in_cache_buffer                            build/board_driver_usb.o
udd_ep_out_cache_buffer                           build/sam_ba_usb.o
                                                  build/board_driver_usb.o
usb_endpoint_table                                build/board_driver_usb.o
usb_init                                          build/sam_ba_usb.o
                                                  build/main.o
usbcdc_if                                         build/sam_ba_monitor.o
write_apa_byte                                    build/board_driver_led.o
